[geokc-mn.org/index.html]
[backblue.gif]
[fade.gif]
[index.html]
[geokc-mn.org/storage/2020/11/textflower-1.gif]
[geokc-mn.org/lib/css/dist/block-library/style.min.css]
[geokc-mn.org/storage/maxmegamenu/style.css]
[geokc-mn.org/lib/css/dashicons.min.css]
[geokc-mn.org/core/assets/158994cc0c/assets/fonts/fontawesome/css/all.min.css]
[geokc-mn.org/core/assets/158994cc0c/assets/css/third/simple-line-icons.min.css]
[geokc-mn.org/feed/index.html]
[geokc-mn.org/core/assets/158994cc0c/assets/css/style.min.css]
[geokc-mn.org/core/modules/a36fd26bce/assets/css/widgets.css]
[geokc-mn.org/lib/js/jquery/jquery.min.js]
[geokc-mn.org/lib/js/jquery/jquery-migrate.min.js]
[geokc-mn.org/comments/feed/index.html]
[geokc-mn.org/wp-json/wp/v2/pages/340.json]
[geokc-mn.org/wp-json/index.html]
[geokc-mn.org/wp-json/oembed/1.0/embed6006.json]
[geokc-mn.org/wp-json/oembed/1.0/embed8d9d]
[geokc-mn.org/storage/2020/11/cropped-textflower-1-32x32.gif]
[geokc-mn.org/storage/2020/11/cropped-textflower-1-192x192.gif]
[geokc-mn.org/storage/2020/11/cropped-textflower-1-180x180.gif]
[geokc-mn.org/storage/2021/01/210106-IROIheader5.png]
[geokc-mn.org/storage/2020/11/home-border-top-1-300x125.png]
[geokc-mn.org/about-us/index.html]
[geokc-mn.org/introduction/index.html]
[geokc-mn.org/geokc-annual-giving.html]
[geokc-mn.org/history/index.html]
[geokc-mn.org/goal/index.html]
[geokc-mn.org/mission/index.html]
[geokc-mn.org/online-donation-form.html]
[geokc-mn.org/gurus-and-staff/index.html]
[geokc-mn.org/join-us/index.html]
[geokc-mn.org/gurus-and-staff-positions/index.html]
[geokc-mn.org/geokc-spiritual-membership/index.html]
[geokc-mn.org/geokc-board-openings/index.html]
[geokc-mn.org/geokc-capital-campaign-donation.html]
[geokc-mn.org/volunteers/index.html]
[geokc-mn.org/types-programs/index.html]
[geokc-mn.org/programs/index.html]
[geokc-mn.org/bhakti-sadhana/index.html]
[geokc-mn.org/satsang-services/index.html]
[geokc-mn.org/page-sitemap.xml]
[geokc-mn.org/spiritual-discourses/index.html]
[geokc-mn.org/program-ten-avatars-lord-vishnu/index.html]
[geokc-mn.org/storage/2020/09/home-border-top-3-e1599943876800-1-300x125.png]
[geokc-mn.org/ashram-spiritual-guidance/index.html]
[geokc-mn.org/core/modules/35c8f7aba1/assets/frontend/img/sidebar-icon.png]
[geokc-mn.org/lib/js/imagesloaded.min.js]
[geokc-mn.org/core/assets/158994cc0c/assets/js/theme.min.js]
[geokc-mn.org/core/assets/158994cc0c/assets/js/vendors/sidr.js]
[geokc-mn.org/shop-lord-krishna/index.html]
[geokc-mn.org/core/assets/158994cc0c/assets/js/sidebar-mobile-menu.min.js]
[geokc-mn.org/core/assets/158994cc0c/assets/js/vendors/magnific-popup.min.js]
[geokc-mn.org/program-information/index.html]
[geokc-mn.org/core/assets/158994cc0c/assets/js/ow-lightbox.min.js]
[geokc-mn.org/media-gallery/index.html]
[geokc-mn.org/core/assets/158994cc0c/assets/js/vendors/flickity.pkgd.min.js]
[geokc-mn.org/geokc-community-and-culture/index.html]
[geokc-mn.org/core/assets/158994cc0c/assets/js/ow-slider.min.js]
[geokc-mn.org/causes-and-giving/index.html]
[geokc-mn.org/geokc-campaigns/index.html]
[geokc-mn.org/core/assets/158994cc0c/assets/js/scroll-effect.min.js]
[geokc-mn.org/ways-to-give/index.html]
[geokc-mn.org/core/assets/158994cc0c/assets/js/scroll-top.min.js]
[geokc-mn.org/donation-center/index.html]
[geokc-mn.org/core/assets/158994cc0c/assets/js/select.min.js]
[geokc-mn.org/other-giving-sevas/index.html]
[geokc-mn.org/geokc-tax-deductible-information/index.html]
[geokc-mn.org/geokc-special-events/index.html]
[geokc-mn.org/core/modules/ff20c31e10/js/detectmobilebrowser.js]
[geokc-mn.org/core/modules/ff20c31e10/js/theia-sticky-sidebar.js]
[geokc-mn.org/annual-membership-campaign/index.html]
[geokc-mn.org/lib/js/hoverIntent.min.js]
[geokc-mn.org/core/modules/735e9e247d/js/maxmegamenu.js]
[geokc-mn.org/index.html]
[geokc-mn.org/geokc-events/index.html]
[geokc-mn.org/lib/css/dist/block-library/style.min.css]
[geokc-mn.org/geokc-yearly-campaign/index.html]
[geokc-mn.org/geokc-guests/index.html]
[geokc-mn.org/selfless-services/index.html]
[geokc-mn.org/lib/css/classic-themes.min.css]
[geokc-mn.org/facilities/index.html]
[geokc-mn.org/geokc-online-worship-link/index.html]
[geokc-mn.org/storage/maxmegamenu/style.css]
[geokc-mn.org/contact-us/index.html]
[geokc-mn.org/geokc-mn-branch-headquarters/index.html]
[geokc-mn.org/weekly-meetings/index.html]
[geokc-mn.org/join-our-mailing-list/index.html]
[geokc-mn.org/lib/fonts/dashicons7d4b.eot]
[geokc-mn.org/lib/fonts/dashicons7d4b.ttf]
[geokc-mn.org/lib/css/dashicons.min.css]
[geokc-mn.org/core/assets/158994cc0c/assets/fonts/fontawesome/webfonts/fa-brands-400.woff2]
[geokc-mn.org/core/assets/158994cc0c/assets/fonts/fontawesome/webfonts/fa-brands-400.ttf]
[geokc-mn.org/core/assets/158994cc0c/assets/fonts/fontawesome/webfonts/fa-regular-400.woff2]
[geokc-mn.org/core/assets/158994cc0c/assets/fonts/fontawesome/webfonts/fa-regular-400.ttf]
[geokc-mn.org/geokc-code-conduct/index.html]
[geokc-mn.org/core/assets/158994cc0c/assets/fonts/fontawesome/webfonts/fa-solid-900.woff2]
[geokc-mn.org/core/assets/158994cc0c/assets/fonts/fontawesome/webfonts/fa-solid-900.ttf]
[geokc-mn.org/core/assets/158994cc0c/assets/fonts/fontawesome/webfonts/fa-v4compatibility.woff2]
[geokc-mn.org/core/assets/158994cc0c/assets/fonts/fontawesome/webfonts/fa-v4compatibility.ttf]
[geokc-mn.org/core/assets/158994cc0c/assets/fonts/fontawesome/css/all.min.css]
[geokc-mn.org/core/assets/158994cc0c/assets/fonts/simple-line-icons/Simple-Line-Iconsb26c.eot]
[geokc-mn.org/core/assets/158994cc0c/assets/fonts/simple-line-icons/Simple-Line-Iconsb26c.woff2]
[geokc-mn.org/core/assets/158994cc0c/assets/fonts/simple-line-icons/Simple-Line-Iconsb26c.ttf]
[geokc-mn.org/core/assets/158994cc0c/assets/fonts/simple-line-icons/Simple-Line-Iconsb26c.woff]
[geokc-mn.org/core/assets/158994cc0c/assets/css/third/simple-line-icons.min.css]
[geokc-mn.org/core/assets/158994cc0c/assets/css/style.min.css]
[geokc-mn.org/core/assets/158994cc0c/assets/fonts/simple-line-icons/Simple-Line-Iconsb26c.svg]
[geokc-mn.org/core/modules/a36fd26bce/assets/img/instagram-logo.png]
[geokc-mn.org/core/modules/a36fd26bce/assets/img/flickr.png]
[geokc-mn.org/core/modules/a36fd26bce/assets/css/widgets.css]
[geokc-mn.org/xmlrpc0db0.html]
[geokc-mn.org/indexca59.html]
[geokc-mn.org/wp-json/wp/v2/pages/145.json]
[geokc-mn.org/wp-json/oembed/1.0/embeda14d.json]
[geokc-mn.org/wp-json/oembed/1.0/embed68c8]
[geokc-mn.org/about-us/index.html]
[geokc-mn.org/sunday-afternoon-satsang-activities.html]
[geokc-mn.org/storage/2020/11/shutterstock_13897513.png]
[geokc-mn.org/wp-json/wp/v2/pages/342.json]
[geokc-mn.org/wp-json/oembed/1.0/embed3555.json]
[geokc-mn.org/wp-json/oembed/1.0/embed1544]
[geokc-mn.org/introduction/index.html]
[geokc-mn.org/storage/2020/11/krishnaflute2-1.gif]
[geokc-mn.org/wp-json/wp/v2/pages/309.json]
[geokc-mn.org/wp-json/oembed/1.0/embeda52c.json]
[geokc-mn.org/wp-json/oembed/1.0/embed1193]
[geokc-mn.org/international-prayer-centers-geokc.html]
[geokc-mn.org/history/index.html]
[geokc-mn.org/geokc-architecture-history.html]
[geokc-mn.org/wp-json/wp/v2/pages/304.json]
[geokc-mn.org/wp-json/oembed/1.0/embed4d01.json]
[geokc-mn.org/wp-json/oembed/1.0/embedd860]
[geokc-mn.org/programs.html]
[geokc-mn.org/goal/index.html]
[geokc-mn.org/wp-json/wp/v2/pages/351.json]
[geokc-mn.org/gopinath-bhakti-ashram/index.html]
[geokc-mn.org/wp-json/oembed/1.0/embed8613.json]
[geokc-mn.org/wp-json/oembed/1.0/embedcead]
[geokc-mn.org/mission/index.html]
[geokc-mn.org/wp-json/wp/v2/pages/308.json]
[geokc-mn.org/wp-json/oembed/1.0/embedc5b5.json]
[geokc-mn.org/wp-json/oembed/1.0/embedd5b6]
[geokc-mn.org/geokc-bhakti-yoga-gurus.html]
[geokc-mn.org/pujya-guruji.html]
[geokc-mn.org/geokc-campaigns-team.html]
[geokc-mn.org/gurus-and-staff/index.html]
[geokc-mn.org/geokc-organizational-chart/index.html]
[geokc-mn.org/wp-json/wp/v2/pages/344.json]
[geokc-mn.org/wp-json/oembed/1.0/embed1636.json]
[geokc-mn.org/wp-json/oembed/1.0/embed7f18]
[geokc-mn.org/join-us/index.html]
[geokc-mn.org/storage/2020/11/iStock_35556132_LARGE-2.jpg]
[geokc-mn.org/wp-json/wp/v2/pages/307.json]
[geokc-mn.org/wp-json/oembed/1.0/embed920f.json]
[geokc-mn.org/wp-json/oembed/1.0/embed2b49]
[geokc-mn.org/programs-gurus-positions.html]
[geokc-mn.org/ashrams-gurus-positions.html]
[geokc-mn.org/gurus-and-staff-positions/index.html]
[geokc-mn.org/other-gurus-and-staff-positions.html]
[geokc-mn.org/temple-priests-positions/index.html]
[geokc-mn.org/storage/2020/11/textflower.gif]
[geokc-mn.org/wp-json/wp/v2/pages/336.json]
[geokc-mn.org/geokc-programs-and-ashrams-gurus-position-forms/index.html]
[geokc-mn.org/wp-json/oembed/1.0/embedb3e9.json]
[geokc-mn.org/wp-json/oembed/1.0/embedf810]
[geokc-mn.org/geokc-spiritual-membership/index.html]
[geokc-mn.org/geokc-spiritual-membership-form.html]
[geokc-mn.org/geokc-spiritual-membership-form/index.html]
[geokc-mn.org/wp-json/wp/v2/pages/397.json]
[geokc-mn.org/wp-json/oembed/1.0/embedb0cc.json]
[geokc-mn.org/wp-json/oembed/1.0/embed5712]
[geokc-mn.org/storage/2020/11/iStock_16488217_LARGE-2-1.jpg]
[geokc-mn.org/geokc-special-events.html]
[geokc-mn.org/annual-membership-campaign.html]
[geokc-mn.org/geokc-marketing-news.html]
[geokc-mn.org/facilities.html]
[geokc-mn.org/meditation-hall.html]
[geokc-mn.org/geokc-events.html]
[geokc-mn.org/geokc-guests.html]
[geokc-mn.org/volunteers/index.html]
[geokc-mn.org/volunteers.html]
[geokc-mn.org/storage/2020/11/Board-Members-1.jpg]
[geokc-mn.org/wp-json/wp/v2/pages/314.json]
[geokc-mn.org/geokc-volunteer-application-form/index.html]
[geokc-mn.org/wp-json/oembed/1.0/embed8b6e.json]
[geokc-mn.org/wp-json/oembed/1.0/embedc2fb]
[geokc-mn.org/geokc-board-openings/index.html]
[geokc-mn.org/storage/2020/11/rosepic.gif]
[geokc-mn.org/geokc-board-member-secretary-position-form/index.html]
[geokc-mn.org/geokc-board-member-treasurer-position-form/index.html]
[geokc-mn.org/wp-json/wp/v2/pages/366.json]
[geokc-mn.org/wp-json/oembed/1.0/embed539b.json]
[geokc-mn.org/wp-json/oembed/1.0/embed3d74]
[geokc-mn.org/bhakti-sadhana.html]
[geokc-mn.org/services-yoga-center.html]
[geokc-mn.org/geokc-traditional-bhajans.html]
[geokc-mn.org/geokc-devotional-music/index.html]
[geokc-mn.org/geokc-kirtan-heritage.html]
[geokc-mn.org/services-padsevana-and-dasya.html]
[geokc-mn.org/geokc-shrimad-bhagavad-gita-satsang-group.html]
[geokc-mn.org/path-popularization-and-expansion/index.html]
[geokc-mn.org/geokc-shri-krishna-murari-bhakti-moment/index.html]
[geokc-mn.org/program-ten-avatars-lord-vishnu.html]
[geokc-mn.org/radha-krishna-raas-lila-temple.html]
[geokc-mn.org/ashram-events.html]
[geokc-mn.org/geokc-vaishnava-events.html]
[geokc-mn.org/seekers-spiritual-programs.html]
[geokc-mn.org/akhand-kirtan/index.html]
[geokc-mn.org/seekers-sacred-time.html]
[geokc-mn.org/temporary-residential-facilities.html]
[geokc-mn.org/seekers-visitation-information/index.html]
[geokc-mn.org/programs/index.html]
[geokc-mn.org/permanent-residential-facilities.html]
[geokc-mn.org/wp-json/wp/v2/pages/396.json]
[geokc-mn.org/wp-json/oembed/1.0/embedafa4.json]
[geokc-mn.org/wp-json/oembed/1.0/embed7495]
[geokc-mn.org/types-programs/index.html]
[geokc-mn.org/storage/2020/11/shutterstock_41403445-1-1.jpg]
[geokc-mn.org/core/modules/0a8366a8a1/dist/style-blocks-infobox.css]
[geokc-mn.org/wp-json/wp/v2/pages/388.json]
[geokc-mn.org/wp-json/oembed/1.0/embedc5b5-2.json]
[geokc-mn.org/wp-json/oembed/1.0/embed313f]
[geokc-mn.org/storage/2023/04/GEOKC-Spiritual-Discourses-Form.docx.pdf]
[geokc-mn.org/spiritual-discourses/index.html]
[geokc-mn.org/wp-json/wp/v2/pages/290.json]
[geokc-mn.org/geokc-spiritual-discourses-form/index.html]
[geokc-mn.org/wp-json/oembed/1.0/embed64e0.json]
[geokc-mn.org/wp-json/oembed/1.0/embed4c65]
[geokc-mn.org/program-information.html]
[geokc-mn.org/bhakti-sadhana/index.html]
[geokc-mn.org/Satsang-services.html]
[geokc-mn.org/wp-json/wp/v2/pages/376.json]
[geokc-mn.org/wp-json/oembed/1.0/embed10a9.json]
[geokc-mn.org/wp-json/oembed/1.0/embed9a56]
[geokc-mn.org/storage/2022/07/Preet-Bhoj-Updated-Form.docx]
[geokc-mn.org/saturday-afternoon-satsang-activities.html]
[geokc-mn.org/geokc-preeti-bhoj-sponsorship-form/index.html]
[geokc-mn.org/satsang-services/index.html]
[geokc-mn.org/occasions-followed-satsang.html]
[geokc-mn.org/wp-json/wp/v2/pages/369.json]
[geokc-mn.org/wp-json/oembed/1.0/embed0f55.json]
[geokc-mn.org/wp-json/oembed/1.0/embed6cfc]
[geokc-mn.org/program-ten-avatars-lord-vishnu/index.html]
[geokc-mn.org/wp-json/wp/v2/pages/288.json]
[geokc-mn.org/wp-json/oembed/1.0/embed7cfe.json]
[geokc-mn.org/wp-json/oembed/1.0/embedf710]
[geokc-mn.org/ashram-spiritual-guidance/index.html]
[geokc-mn.org/storage/2020/11/shutterstock_49880953-1.jpg]
[geokc-mn.org/wp-json/wp/v2/pages/386.json]
[geokc-mn.org/wp-json/oembed/1.0/embedebaf.json]
[geokc-mn.org/wp-json/oembed/1.0/embed3486]
[geokc-mn.org/shop-lord-krishna/index.html]
[geokc-mn.org/wp-json/wp/v2/pages/365.json]
[geokc-mn.org/wp-json/oembed/1.0/embed047a.json]
[geokc-mn.org/wp-json/oembed/1.0/embed4bae]
[geokc-mn.org/preeti-bhoj-sponsorship.html]
[geokc-mn.org/storage/2022/10/Website-Preeti-Bhoj-Form.docx]
[geokc-mn.org/tulsi-flower-sponsorship-form-contact-information-form/index.html]
[geokc-mn.org/gurus-and-staff.html]
[geokc-mn.org/storage/2023/03/January-Calendar-23.pdf]
[geokc-mn.org/storage/2023/03/February-Calendar-23.pdf]
[geokc-mn.org/storage/2023/03/March-Calendar-23.pdf]
[geokc-mn.org/program-information/index.html]
[geokc-mn.org/wp-json/wp/v2/pages/349.json]
[geokc-mn.org/services-of-yoga-center-form/index.html]
[geokc-mn.org/wp-json/oembed/1.0/embed19f8.json]
[geokc-mn.org/wp-json/oembed/1.0/embed9b06]
[geokc-mn.org/media-gallery/index.html]
[geokc-mn.org/storage/2020/11/shutterstock_22652140-2.png]
[geokc-mn.org/wp-json/wp/v2/pages/322.json]
[geokc-mn.org/wp-json/oembed/1.0/embedb323.json]
[geokc-mn.org/wp-json/oembed/1.0/embeda9bd]
[geokc-mn.org/geokc-community-and-culture/index.html]
[geokc-mn.org/wp-json/wp/v2/pages/317.json]
[geokc-mn.org/wp-json/oembed/1.0/embed18a1.json]
[geokc-mn.org/wp-json/oembed/1.0/embed70c4]
[geokc-mn.org/geokc-campaigns/index.html]
[geokc-mn.org/join-our-mailing-list.html]
[geokc-mn.org/wp-json/wp/v2/pages/292.json]
[geokc-mn.org/wp-json/oembed/1.0/embed92dd.json]
[geokc-mn.org/wp-json/oembed/1.0/embed76e2]
[geokc-mn.org/causes-and-giving/index.html]
[geokc-mn.org/ways-to-give.html]
[geokc-mn.org/wp-json/wp/v2/pages/398.json]
[geokc-mn.org/wp-json/oembed/1.0/embed29ef.json]
[geokc-mn.org/wp-json/oembed/1.0/embed17bb]
[geokc-mn.org/other-giving-sevas.html]
[geokc-mn.org/geokc-annual-fund.html]
[geokc-mn.org/land-donation/index.html]
[geokc-mn.org/geokc-endowment-fund/index.html]
[geokc-mn.org/major-gifts-and-planned-giving.html]
[geokc-mn.org/donor-recognition-programs.html]
[geokc-mn.org/donors-recognition-wall/index.html]
[geokc-mn.org/ways-to-give/index.html]
[geokc-mn.org/geokc-capital-campaign.html]
[geokc-mn.org/wp-json/wp/v2/pages/297.json]
[geokc-mn.org/wp-json/oembed/1.0/embedeccd.json]
[geokc-mn.org/wp-json/oembed/1.0/embed1275]
[geokc-mn.org/donation-center/index.html]
[geokc-mn.org/wp-json/wp/v2/pages/355.json]
[geokc-mn.org/wp-json/oembed/1.0/embed452b.json]
[geokc-mn.org/wp-json/oembed/1.0/embede5f8]
[geokc-mn.org/other-giving-sevas/index.html]
[geokc-mn.org/wp-json/wp/v2/pages/3331.json]
[geokc-mn.org/wp-json/oembed/1.0/embed6d67.json]
[geokc-mn.org/wp-json/oembed/1.0/embed3635]
[geokc-mn.org/storage/2022/05/GEOKC-Donation-Disclaimer-more-than-250.pdf]
[geokc-mn.org/geokc-tax-deductible-information/index.html]
[geokc-mn.org/wp-json/wp/v2/pages/335.json]
[geokc-mn.org/wp-json/oembed/1.0/embedd4e8.json]
[geokc-mn.org/wp-json/oembed/1.0/embed4ee4]
[geokc-mn.org/storage/2022/07/GEOKC-Special-Event-Registration-Form.docx]
[geokc-mn.org/geokc-special-events/index.html]
[geokc-mn.org/wp-json/wp/v2/pages/285.json]
[geokc-mn.org/geokc-special-event-registration-form/index.html]
[geokc-mn.org/wp-json/oembed/1.0/embedd9e8.json]
[geokc-mn.org/wp-json/oembed/1.0/embed8a62]
[geokc-mn.org/annual-membership-campaign/index.html]
[geokc-mn.org/wp-json/wp/v2/pages/339.json]
[geokc-mn.org/geokc-annual-membership-dinner-registration-form/index.html]
[geokc-mn.org/wp-json/oembed/1.0/embed4ebe.json]
[geokc-mn.org/wp-json/oembed/1.0/embedf318]
[geokc-mn.org/geokc-yearly-campaign/index.html]
[geokc-mn.org/geokc-annual-giving/index.html]
[geokc-mn.org/wp-json/wp/v2/pages/326.json]
[geokc-mn.org/wp-json/oembed/1.0/embede831.json]
[geokc-mn.org/wp-json/oembed/1.0/embed0072]
[geokc-mn.org/geokc-calendars.html]
[geokc-mn.org/events-photo-gallery-videos/index.html]
[geokc-mn.org/multi-purposes-events.html]
[geokc-mn.org/geokc-event-registration-form.html]
[geokc-mn.org/geokc-events/index.html]
[geokc-mn.org/contact-us.html]
[geokc-mn.org/wp-json/wp/v2/pages/382.json]
[geokc-mn.org/wp-json/oembed/1.0/embed1f1f.json]
[geokc-mn.org/wp-json/oembed/1.0/embed3cff]
[geokc-mn.org/causes-and-giving.html]
[geokc-mn.org/spiritual-discourses.html]
[geokc-mn.org/satsang-services-2.html]
[geokc-mn.org/shop-lord-krishna.html]
[geokc-mn.org/geokc-board-openings.html]
[geokc-mn.org/selfless-services/index.html]
[geokc-mn.org/seva-from-volunteers/index.html]
[geokc-mn.org/wp-json/wp/v2/pages/327.json]
[geokc-mn.org/geokc-selfless-services-form/index.html]
[geokc-mn.org/wp-json/oembed/1.0/embeddd9d.json]
[geokc-mn.org/wp-json/oembed/1.0/embed276a]
[geokc-mn.org/geokc-guests/index.html]
[geokc-mn.org/geokc-guests-registration-form/index.html]
[geokc-mn.org/wp-json/wp/v2/pages/301.json]
[geokc-mn.org/guest-pictures-videos/index.html]
[geokc-mn.org/wp-json/oembed/1.0/embed56ba.json]
[geokc-mn.org/wp-json/oembed/1.0/embedf80c]
[geokc-mn.org/geokc-bhawan.html]
[geokc-mn.org/facilities/index.html]
[geokc-mn.org/ashram-bhawan.html]
[geokc-mn.org/wp-json/wp/v2/pages/293.json]
[geokc-mn.org/wp-json/oembed/1.0/embede7a8.json]
[geokc-mn.org/wp-json/oembed/1.0/embed066b]
[geokc-mn.org/contact-us/index.html]
[geokc-mn.org/wp-json/wp/v2/pages/3426.json]
[geokc-mn.org/wp-json/oembed/1.0/embed9a0d.json]
[geokc-mn.org/wp-json/oembed/1.0/embed371b]
[geokc-mn.org/geokc-annual-giving.html]
[geokc-mn.org/donate-mail.html]
[geokc-mn.org/online-donation-form/index.html]
[geokc-mn.org/wp-json/wp/v2/pages/354.json]
[geokc-mn.org/wp-json/oembed/1.0/embedbf68.json]
[geokc-mn.org/wp-json/oembed/1.0/embed96d9]
[geokc-mn.org/core/modules/wp-payment-form/assets/css/payforms-public.css]
[geokc-mn.org/online-donation-form.html]
[geokc-mn.org/core/modules/wp-payment-form/assets/js/payforms-publicv2.js]
[geokc-mn.org/geokc-capital-campaign-donation/index.html]
[geokc-mn.org/wp-json/wp/v2/pages/320.json]
[geokc-mn.org/wp-json/oembed/1.0/embede04c.json]
[geokc-mn.org/wp-json/oembed/1.0/embed6fb3]
[geokc-mn.org/land-donation.html]
[geokc-mn.org/storage/2020/12/GEOKC-Capital-Campaign-Pledge-Form-1.pdf]
[geokc-mn.org/geokc-capital-campaign-donation.html]
[geokc-mn.org/capital-campaign-online-donation/index.html]
[geokc-mn.org/wp-json/wp/v2/pages/3401.json]
[geokc-mn.org/wp-json/oembed/1.0/embed0025.json]
[geokc-mn.org/wp-json/oembed/1.0/embed75ed]
[geokc-mn.org/geokc-mn-branch-headquarters/index.html]
[geokc-mn.org/storage/2022/12/1krishna.jpg]
[geokc-mn.org/wp-json/wp/v2/pages/3555.json]
[geokc-mn.org/wp-json/oembed/1.0/embed8395.json]
[geokc-mn.org/wp-json/oembed/1.0/embed90a1]
[geokc-mn.org/storage/2022/10/Shutterstock_2057518436.jpg]
[geokc-mn.org/storage/2022/10/Shutterstock_2180238353-scaled.jpg]
[geokc-mn.org/storage/2022/12/aarti-kunj-bihari-ki_0000-791x1024.jpg]
[geokc-mn.org/geokc-online-worship-link/index.html]
[geokc-mn.org/wp-json/wp/v2/pages/399.json]
[geokc-mn.org/wp-json/oembed/1.0/embed445b.json]
[geokc-mn.org/wp-json/oembed/1.0/embedbe0a]
[geokc-mn.org/weekly-meetings/index.html]
[geokc-mn.org/wp-json/wp/v2/pages/2868.json]
[geokc-mn.org/wp-json/oembed/1.0/embed5b8d.json]
[geokc-mn.org/wp-json/oembed/1.0/embed9df9]
[cdn-images.mailchimp.com/embedcode/classic-071822.css]
[s3.amazonaws.com/downloads.mailchimp.com/js/mc-validate.js]
[geokc-mn.org/join-our-mailing-list/index.html]
[geokc-mn.org/wp-json/wp/v2/pages/321.json]
[geokc-mn.org/wp-json/oembed/1.0/embed5611.json]
[geokc-mn.org/wp-json/oembed/1.0/embedbd9b]
[geokc-mn.org/geokc-code-conduct/index.html]
[geokc-mn.org/core/assets/158994cc0c/assets/fonts/simple-line-icons/Simple-Line-Iconsb26c.svg]
[geokc-mn.org/index0de6.html]
[geokc-mn.org/indexbe3b.html]
[geokc-mn.org/index5e23.html]
[geokc-mn.org/sunday-afternoon-satsang-activities/index.html]
[geokc-mn.org/wp-json/wp/v2/pages/390.json]
[geokc-mn.org/wp-json/oembed/1.0/embeda4bb.json]
[geokc-mn.org/wp-json/oembed/1.0/embedbc58]
[geokc-mn.org/sunday-afternoon-satsang-activities.html]
[geokc-mn.org/indexc2ef.html]
[geokc-mn.org/index4221.html]
[geokc-mn.org/indexef92.html]
[geokc-mn.org/index7443.html]
[geokc-mn.org/international-prayer-centers-geokc/index.html]
[geokc-mn.org/wp-json/wp/v2/pages/341.json]
[geokc-mn.org/wp-json/oembed/1.0/embed437f.json]
[geokc-mn.org/wp-json/oembed/1.0/embed1fd9]
[geokc-mn.org/international-prayer-centers-geokc.html]
[geokc-mn.org/geokc-architecture-history/index.html]
[geokc-mn.org/wp-json/wp/v2/pages/311.json]
[geokc-mn.org/wp-json/oembed/1.0/embed8ecd.json]
[geokc-mn.org/wp-json/oembed/1.0/embed2423]
[geokc-mn.org/geokc-architecture-history.html]
[geokc-mn.org/indexdd01.html]
[geokc-mn.org/index7187.html]
[geokc-mn.org/programs.html]
[geokc-mn.org/wp-json/wp/v2/pages/305.json]
[geokc-mn.org/wp-json/oembed/1.0/embed7b61.json]
[geokc-mn.org/wp-json/oembed/1.0/embed37e8]
[geokc-mn.org/gopinath-bhakti-ashram/index.html]
[geokc-mn.org/indexec81.html]
[geokc-mn.org/indexb81a.html]
[geokc-mn.org/indexf454.html]
[geokc-mn.org/index35de.html]
[geokc-mn.org/scheduled-residence.html]
[geokc-mn.org/geokc-bhakti-yoga-gurus/index.html]
[geokc-mn.org/wp-json/wp/v2/pages/312.json]
[geokc-mn.org/wp-json/oembed/1.0/embed9378.json]
[geokc-mn.org/wp-json/oembed/1.0/embed17f7]
[geokc-mn.org/specific-steps-sadhana.html]
[geokc-mn.org/geokc-bhakti-yoga-gurus.html]
[geokc-mn.org/services-padsevana-and-dasya/index.html]
[geokc-mn.org/pujya-guruji/index.html]
[geokc-mn.org/wp-json/wp/v2/pages/370.json]
[geokc-mn.org/wp-json/oembed/1.0/embed122e.json]
[geokc-mn.org/wp-json/oembed/1.0/embed1aae]
[geokc-mn.org/pujya-guruji.html]
[geokc-mn.org/geokc-campaigns-team/index.html]
[geokc-mn.org/wp-json/wp/v2/pages/318.json]
[geokc-mn.org/wp-json/oembed/1.0/embed421c.json]
[geokc-mn.org/wp-json/oembed/1.0/embed02a1]
[geokc-mn.org/geokc-yearly-campaign.html]
[geokc-mn.org/geokc-campaigns-team.html]
[geokc-mn.org/wp-json/wp/v2/pages/332.json]
[geokc-mn.org/capital-campaign-planning-sketch/index.html]
[geokc-mn.org/wp-json/oembed/1.0/embedf54f.json]
[geokc-mn.org/wp-json/oembed/1.0/embed7090]
[geokc-mn.org/geokc-organizational-chart/index.html]
[geokc-mn.org/index6150.html]
[geokc-mn.org/index3824.html]
[geokc-mn.org/index2915.html]
[geokc-mn.org/indexf7ea.html]
[geokc-mn.org/programs-gurus-positions/index.html]
[geokc-mn.org/wp-json/wp/v2/pages/367.json]
[geokc-mn.org/wp-json/oembed/1.0/embed70f1.json]
[geokc-mn.org/wp-json/oembed/1.0/embedce9c]
[geokc-mn.org/programs-gurus-positions.html]
[geokc-mn.org/ashrams-gurus-positions/index.html]
[geokc-mn.org/wp-json/wp/v2/pages/289.json]
[geokc-mn.org/initiation/index.html]
[geokc-mn.org/wp-json/oembed/1.0/embed1a02.json]
[geokc-mn.org/wp-json/oembed/1.0/embedf36b]
[geokc-mn.org/ashrams-gurus-positions.html]
[geokc-mn.org/wp-json/wp/v2/pages/392.json]
[geokc-mn.org/wp-json/oembed/1.0/embed60a5.json]
[geokc-mn.org/wp-json/oembed/1.0/embed4011]
[geokc-mn.org/temple-priests-positions/index.html]
[geokc-mn.org/other-gurus-and-staff-positions/index.html]
[geokc-mn.org/wp-json/wp/v2/pages/356.json]
[geokc-mn.org/wp-json/oembed/1.0/embed2c41.json]
[geokc-mn.org/wp-json/oembed/1.0/embede693]
[geokc-mn.org/other-gurus-and-staff-positions.html]
[geokc-mn.org/wp-json/wp/v2/pages/3208.json]
[geokc-mn.org/wp-json/oembed/1.0/embed1c3e.json]
[geokc-mn.org/wp-json/oembed/1.0/embed8eeb]
[geokc-mn.org/geokc-programs-and-ashrams-gurus-position-forms.html]
[geokc-mn.org/core/modules/wp-payment-form/assets/libs/flatpickr/flatpickr.min.css]
[geokc-mn.org/core/modules/wp-payment-form/assets/libs/mask/jquery.mask.min.js]
[geokc-mn.org/geokc-programs-and-ashrams-gurus-position-forms/index.html]
[geokc-mn.org/index71fc.html]
[geokc-mn.org/indexa242.html]
[geokc-mn.org/core/modules/wp-payment-form/assets/libs/flatpickr/flatpickr.min.js]
[geokc-mn.org/wp-json/wp/v2/pages/3251.json]
[geokc-mn.org/wp-json/oembed/1.0/embed40ca.json]
[geokc-mn.org/wp-json/oembed/1.0/embedc511]
[geokc-mn.org/geokc-spiritual-membership-form.html]
[geokc-mn.org/geokc-spiritual-membership-form/index.html]
[geokc-mn.org/indexae62.html]
[geokc-mn.org/indexdf20.html]
[geokc-mn.org/geokc-special-events.html]
[geokc-mn.org/annual-membership-campaign.html]
[geokc-mn.org/geokc-marketing-news/index.html]
[geokc-mn.org/wp-json/wp/v2/pages/330.json]
[geokc-mn.org/wp-json/oembed/1.0/embed3f55.json]
[geokc-mn.org/wp-json/oembed/1.0/embedc847]
[geokc-mn.org/geokc-marketing-news.html]
[geokc-mn.org/facilities.html]
[geokc-mn.org/donation-center.html]
[geokc-mn.org/meditation-hall/index.html]
[geokc-mn.org/wp-json/wp/v2/pages/350.json]
[geokc-mn.org/wp-json/oembed/1.0/embed6a13.json]
[geokc-mn.org/wp-json/oembed/1.0/embed00ff]
[geokc-mn.org/meditation-hall.html]
[geokc-mn.org/geokc-events.html]
[geokc-mn.org/geokc-guests.html]
[geokc-mn.org/volunteers.html]
[geokc-mn.org/wp-json/wp/v2/pages/3252.json]
[geokc-mn.org/wp-json/oembed/1.0/embedafc7.json]
[geokc-mn.org/wp-json/oembed/1.0/embedb3e8]
[geokc-mn.org/geokc-volunteer-application-form/index.html]
[geokc-mn.org/index1031.html]
[geokc-mn.org/index2478.html]
[geokc-mn.org/geokc-volunteer-application-form.html]
[geokc-mn.org/wp-json/wp/v2/pages/3239.json]
[geokc-mn.org/wp-json/oembed/1.0/embed9fc3.json]
[geokc-mn.org/wp-json/oembed/1.0/embede16d]
[geokc-mn.org/geokc-board-member-secretary-position-form.html]
[geokc-mn.org/core/modules/wp-payment-form/assets/libs/dropzone/dropzone.min.js]
[geokc-mn.org/core/modules/wp-payment-form/assets/js/fileupload.js]
[geokc-mn.org/geokc-board-member-secretary-position-form/index.html]
[geokc-mn.org/wp-json/wp/v2/pages/3242.json]
[geokc-mn.org/wp-json/oembed/1.0/embed1040.json]
[geokc-mn.org/wp-json/oembed/1.0/embede99c]
[geokc-mn.org/geokc-board-member-treasurer-position-form/index.html]
[geokc-mn.org/index7aa0.html]
[geokc-mn.org/index3c1d.html]
[geokc-mn.org/geokc-board-member-treasurer-position-form.html]
[geokc-mn.org/bhakti-sadhana.html]
[geokc-mn.org/services-yoga-center/index.html]
[geokc-mn.org/wp-json/wp/v2/pages/384.json]
[geokc-mn.org/wp-json/oembed/1.0/embedb82d.json]
[geokc-mn.org/wp-json/oembed/1.0/embedc0c5]
[geokc-mn.org/our-tradition.html]
[geokc-mn.org/practicing-rules-and-methods.html]
[geokc-mn.org/spiritual-practices.html]
[geokc-mn.org/storage/2023/04/GEOKC-Spiritual-Discourses-Form.docx-1.pdf]
[geokc-mn.org/services-yoga-center.html]
[geokc-mn.org/wp-json/wp/v2/pages/323.json]
[geokc-mn.org/wp-json/oembed/1.0/embed33f3.json]
[geokc-mn.org/wp-json/oembed/1.0/embed6969]
[geokc-mn.org/geokc-devotional-music/index.html]
[geokc-mn.org/storage/2020/11/textflower3.gif]
[geokc-mn.org/geokc-traditional-bhajans/index.html]
[geokc-mn.org/wp-json/wp/v2/pages/337.json]
[geokc-mn.org/wp-json/oembed/1.0/embed6695.json]
[geokc-mn.org/wp-json/oembed/1.0/embede765]
[geokc-mn.org/geokc-traditional-bhajans.html]
[geokc-mn.org/geokc-kirtan-heritage/index.html]
[geokc-mn.org/wp-json/wp/v2/pages/329.json]
[geokc-mn.org/wp-json/oembed/1.0/embedf5db.json]
[geokc-mn.org/wp-json/oembed/1.0/embed64f3]
[geokc-mn.org/geokc-kirtan-heritage.html]
[geokc-mn.org/wp-json/wp/v2/pages/383.json]
[geokc-mn.org/wp-json/oembed/1.0/embedcb19.json]
[geokc-mn.org/wp-json/oembed/1.0/embed81b4]
[geokc-mn.org/storage/2020/11/Tulsi-and-Flower-Sponsorship-Form-1.pdf]
[geokc-mn.org/services-padsevana-and-dasya.html]
[geokc-mn.org/wp-json/wp/v2/pages/359.json]
[geokc-mn.org/wp-json/oembed/1.0/embedde4d.json]
[geokc-mn.org/wp-json/oembed/1.0/embed94ad]
[geokc-mn.org/path-popularization-and-expansion/index.html]
[geokc-mn.org/wp-json/wp/v2/pages/333.json]
[geokc-mn.org/wp-json/oembed/1.0/embed1fd4.json]
[geokc-mn.org/wp-json/oembed/1.0/embed57e2]
[geokc-mn.org/geokc-shri-krishna-murari-bhakti-moment/index.html]
[geokc-mn.org/storage/2020/11/flower.gif]
[geokc-mn.org/geokc-shrimad-bhagavad-gita-satsang-group/index.html]
[geokc-mn.org/wp-json/wp/v2/pages/334.json]
[geokc-mn.org/wp-json/oembed/1.0/embed3951.json]
[geokc-mn.org/wp-json/oembed/1.0/embed0aff]
[geokc-mn.org/overview-18-chapters/index.html]
[geokc-mn.org/gita-events-calendar.html]
[geokc-mn.org/geokc-shrimad-bhagavad-gita-satsang-group.html]
[geokc-mn.org/program-ten-avatars-lord-vishnu.html]
[geokc-mn.org/gita-media-gallery.html]
[geokc-mn.org/radha-krishna-raas-lila-temple/index.html]
[geokc-mn.org/wp-json/wp/v2/pages/371.json]
[geokc-mn.org/wp-json/oembed/1.0/embedf89f.json]
[geokc-mn.org/wp-json/oembed/1.0/embedc3f6]
[geokc-mn.org/radha-krishna-raas-lila-temple.html]
[geokc-mn.org/ashram-events/index.html]
[geokc-mn.org/wp-json/wp/v2/pages/287.json]
[geokc-mn.org/wp-json/oembed/1.0/embed18f5.json]
[geokc-mn.org/wp-json/oembed/1.0/embed0b98]
[geokc-mn.org/retreat-events.html]
[geokc-mn.org/ashram-events.html]
[geokc-mn.org/geokc-vaishnava-events/index.html]
[geokc-mn.org/mantra-japa-meditation/index.html]
[geokc-mn.org/wp-json/wp/v2/pages/338.json]
[geokc-mn.org/wp-json/oembed/1.0/embed7369.json]
[geokc-mn.org/wp-json/oembed/1.0/embedf1cf]
[geokc-mn.org/geokc-vaishnava-events.html]
[geokc-mn.org/list-festivals-ceremonies-and-fairs/index.html]
[geokc-mn.org/wp-json/wp/v2/pages/283.json]
[geokc-mn.org/wp-json/oembed/1.0/embed92b7.json]
[geokc-mn.org/wp-json/oembed/1.0/embedea97]
[geokc-mn.org/akhand-kirtan/index.html]
[geokc-mn.org/seekers-spiritual-programs/index.html]
[geokc-mn.org/wp-json/wp/v2/pages/380.json]
[geokc-mn.org/wp-json/oembed/1.0/embedcd67.json]
[geokc-mn.org/wp-json/oembed/1.0/embedad76]
[geokc-mn.org/retreats.html]
[geokc-mn.org/seekers-spiritual-programs.html]
[geokc-mn.org/geokc-community-and-culture.html]
[geokc-mn.org/seekers-sacred-time/index.html]
[geokc-mn.org/wp-json/wp/v2/pages/379.json]
[geokc-mn.org/wp-json/oembed/1.0/embed093b.json]
[geokc-mn.org/wp-json/oembed/1.0/embed4cf4]
[geokc-mn.org/seekers-sacred-time.html]
[geokc-mn.org/wp-json/wp/v2/pages/381.json]
[geokc-mn.org/wp-json/oembed/1.0/embed1630.json]
[geokc-mn.org/wp-json/oembed/1.0/embed9398]
[geokc-mn.org/seekers-visitation-information/index.html]
[geokc-mn.org/temporary-residential-facilities/index.html]
[geokc-mn.org/wp-json/wp/v2/pages/394.json]
[geokc-mn.org/wp-json/oembed/1.0/embed3add.json]
[geokc-mn.org/wp-json/oembed/1.0/embed4251]
[geokc-mn.org/temporary-residential-facilities.html]
[geokc-mn.org/permanent-residential-facilities/index.html]
[geokc-mn.org/wp-json/wp/v2/pages/360.json]
[geokc-mn.org/wp-json/oembed/1.0/embeda9cc.json]
[geokc-mn.org/wp-json/oembed/1.0/embedcbdd]
[geokc-mn.org/permanent-residential-facilities.html]
[geokc-mn.org/index2e25.html]
[geokc-mn.org/index4c51.html]
[geokc-mn.org/core/modules/0a8366a8a1/dist/style-blocks-infobox.css]
[geokc-mn.org/index42a9.html]
[geokc-mn.org/index4d85.html]
[geokc-mn.org/wp-json/wp/v2/pages/3250.json]
[geokc-mn.org/wp-json/oembed/1.0/embedd779.json]
[geokc-mn.org/wp-json/oembed/1.0/embed7a80]
[geokc-mn.org/geokc-spiritual-discourses-form/index.html]
[geokc-mn.org/index5b31.html]
[geokc-mn.org/index28e1.html]
[geokc-mn.org/program-information.html]
[geokc-mn.org/Satsang-services.html]
[geokc-mn.org/index264a.html]
[geokc-mn.org/index9ac9.html]
[geokc-mn.org/geokc-spiritual-discourses-form.html]
[geokc-mn.org/wp-json/wp/v2/pages/3258.json]
[geokc-mn.org/wp-json/oembed/1.0/embed2a25.json]
[geokc-mn.org/wp-json/oembed/1.0/embede770]
[geokc-mn.org/geokc-preeti-bhoj-sponsorship-form/index.html]
[geokc-mn.org/geokc-preeti-bhoj-sponsorship-form.html]
[geokc-mn.org/saturday-afternoon-satsang-activities/index.html]
[geokc-mn.org/wp-json/wp/v2/pages/377.json]
[geokc-mn.org/wp-json/oembed/1.0/embed74ab.json]
[geokc-mn.org/wp-json/oembed/1.0/embed4497]
[geokc-mn.org/saturday-afternoon-satsang-activities.html]
[geokc-mn.org/occasions-followed-satsang/index.html]
[geokc-mn.org/wp-json/wp/v2/pages/353.json]
[geokc-mn.org/wp-json/oembed/1.0/embedc776.json]
[geokc-mn.org/wp-json/oembed/1.0/embedfbb6]
[geokc-mn.org/occasions-followed-satsang.html]
[geokc-mn.org/index0261.html]
[geokc-mn.org/indexc52b.html]
[geokc-mn.org/index1d24.html]
[geokc-mn.org/indexdd11.html]
[geokc-mn.org/index2023.html]
[geokc-mn.org/indexd542.html]
[geokc-mn.org/index18ee.html]
[geokc-mn.org/index7138.html]
[geokc-mn.org/wp-json/wp/v2/pages/363.json]
[geokc-mn.org/wp-json/oembed/1.0/embed4269.json]
[geokc-mn.org/wp-json/oembed/1.0/embed3abd]
[geokc-mn.org/preeti-bhoj-sponsorship-open-dates.html]
[geokc-mn.org/storage/2023/04/Preet-Bhoj-Updated-Form.docx.pdf]
[geokc-mn.org/preeti-bhoj-sponsorship.html]
[geokc-mn.org/wp-json/wp/v2/pages/3260.json]
[geokc-mn.org/wp-json/oembed/1.0/embedfc03.json]
[geokc-mn.org/wp-json/oembed/1.0/embede76a]
[geokc-mn.org/tulsi-flower-sponsorship-form-contact-information-form/index.html]
[geokc-mn.org/gurus-and-staff.html]
[geokc-mn.org/tulsi-flower-sponsorship-form-contact-information-form.html]
[geokc-mn.org/wp-json/wp/v2/pages/3259.json]
[geokc-mn.org/wp-json/oembed/1.0/embed8de2.json]
[geokc-mn.org/wp-json/oembed/1.0/embede6a4]
[geokc-mn.org/services-of-yoga-center-form/index.html]
[geokc-mn.org/index601c.html]
[geokc-mn.org/index12a7.html]
[geokc-mn.org/indexeffc.html]
[geokc-mn.org/index6775.html]
[geokc-mn.org/index4ef8.html]
[geokc-mn.org/index7a76.html]
[geokc-mn.org/services-of-yoga-center-form.html]
[geokc-mn.org/join-our-mailing-list.html]
[geokc-mn.org/index2af5.html]
[geokc-mn.org/indexa101.html]
[geokc-mn.org/ways-to-give.html]
[geokc-mn.org/index9d24.html]
[geokc-mn.org/index7e7c.html]
[geokc-mn.org/other-giving-sevas.html]
[geokc-mn.org/geokc-annual-fund/index.html]
[geokc-mn.org/wp-json/wp/v2/pages/310.json]
[geokc-mn.org/wp-json/oembed/1.0/embed9b03.json]
[geokc-mn.org/wp-json/oembed/1.0/embed4ac2]
[geokc-mn.org/geokc-annual-fund.html]
[geokc-mn.org/geokc-online-recognition/index.html]
[geokc-mn.org/wp-json/wp/v2/pages/345.json]
[geokc-mn.org/geokc-annual-dinner-registration-form/index.html]
[geokc-mn.org/wp-json/oembed/1.0/embed93f8.json]
[geokc-mn.org/wp-json/oembed/1.0/embed0cbc]
[geokc-mn.org/land-donation/index.html]
[geokc-mn.org/wp-json/wp/v2/pages/324.json]
[geokc-mn.org/wp-json/oembed/1.0/embed596e.json]
[geokc-mn.org/wp-json/oembed/1.0/embed3074]
[geokc-mn.org/geokc-endowment-fund/index.html]
[geokc-mn.org/major-gifts-and-planned-giving/index.html]
[geokc-mn.org/wp-json/wp/v2/pages/347.json]
[geokc-mn.org/wp-json/oembed/1.0/embed5cce.json]
[geokc-mn.org/wp-json/oembed/1.0/embed07f7]
[geokc-mn.org/major-gifts-and-planned-giving.html]
[geokc-mn.org/wp-json/wp/v2/pages/299.json]
[geokc-mn.org/wp-json/oembed/1.0/embed4e7a.json]
[geokc-mn.org/wp-json/oembed/1.0/embed2d7a]
[geokc-mn.org/donors-recognition-wall/index.html]
[geokc-mn.org/donor-recognition-programs/index.html]
[geokc-mn.org/wp-json/wp/v2/pages/298.json]
[geokc-mn.org/wp-json/oembed/1.0/embed5429.json]
[geokc-mn.org/wp-json/oembed/1.0/embed5941]
[geokc-mn.org/storage/2020/11/AnnualFundImage.png]
[geokc-mn.org/donor-recognition-programs.html]
[geokc-mn.org/geokc-capital-campaign/index.html]
[geokc-mn.org/wp-json/wp/v2/pages/319.json]
[geokc-mn.org/wp-json/oembed/1.0/embed3a52.json]
[geokc-mn.org/wp-json/oembed/1.0/embedebe9]
[geokc-mn.org/geokc-capital-campaign.html]
[geokc-mn.org/index07ee.html]
[geokc-mn.org/indexf7e8.html]
[geokc-mn.org/indexc9bf.html]
[geokc-mn.org/index216c.html]
[geokc-mn.org/indexf0e1.html]
[geokc-mn.org/index9eac.html]
[geokc-mn.org/geokc-building-projects/index.html]
[geokc-mn.org/index5294.html]
[geokc-mn.org/index6672.html]
[geokc-mn.org/wp-json/wp/v2/pages/3249.json]
[geokc-mn.org/wp-json/oembed/1.0/embed6ff9.json]
[geokc-mn.org/wp-json/oembed/1.0/embedd786]
[geokc-mn.org/geokc-special-event-registration-form/index.html]
[geokc-mn.org/indexd0b8.html]
[geokc-mn.org/indexefaf.html]
[geokc-mn.org/geokc-special-event-registration-form.html]
[geokc-mn.org/wp-json/wp/v2/pages/3229.json]
[geokc-mn.org/wp-json/oembed/1.0/embed6cb2.json]
[geokc-mn.org/wp-json/oembed/1.0/embed67f8]
[geokc-mn.org/geokc-annual-membership-dinner-registration-form/index.html]
[geokc-mn.org/indexb247.html]
[geokc-mn.org/indexbac1.html]
[geokc-mn.org/geokc-annual-giving/index.html]
[geokc-mn.org/index4bd3.html]
[geokc-mn.org/indexff2a.html]
[geokc-mn.org/geokc-annual-membership-dinner-registration-form.html]
[geokc-mn.org/geokc-calendars/index.html]
[geokc-mn.org/wp-json/wp/v2/pages/316.json]
[geokc-mn.org/wp-json/oembed/1.0/embed1938.json]
[geokc-mn.org/wp-json/oembed/1.0/embedae39]
[geokc-mn.org/geokc-calendars.html]
[geokc-mn.org/wp-json/wp/v2/pages/300.json]
[geokc-mn.org/wp-json/oembed/1.0/embed540e.json]
[geokc-mn.org/wp-json/oembed/1.0/embedbb6d]
[geokc-mn.org/events-photo-gallery-videos/index.html]
[geokc-mn.org/multi-purposes-events/index.html]
[geokc-mn.org/wp-json/wp/v2/pages/352.json]
[geokc-mn.org/wp-json/oembed/1.0/embed20a4.json]
[geokc-mn.org/wp-json/oembed/1.0/embed2b84]
[geokc-mn.org/multi-purposes-events.html]
[geokc-mn.org/cultural-events.html]
[geokc-mn.org/geokc-event-registration-form/index.html]
[geokc-mn.org/wp-json/wp/v2/pages/325.json]
[geokc-mn.org/wp-json/oembed/1.0/embed48ca.json]
[geokc-mn.org/wp-json/oembed/1.0/embed68fc]
[geokc-mn.org/geokc-event-registration-form.html]
[geokc-mn.org/contact-us.html]
[geokc-mn.org/index802e.html]
[geokc-mn.org/index696c.html]
[geokc-mn.org/causes-and-giving.html]
[geokc-mn.org/spiritual-discourses.html]
[geokc-mn.org/satsang-services-2.html]
[geokc-mn.org/shop-lord-krishna.html]
[geokc-mn.org/geokc-board-openings.html]
[geokc-mn.org/wp-json/wp/v2/pages/385.json]
[geokc-mn.org/wp-json/oembed/1.0/embed737f.json]
[geokc-mn.org/wp-json/oembed/1.0/embed24a9]
[geokc-mn.org/seva-from-volunteers/index.html]
[geokc-mn.org/wp-json/wp/v2/pages/3248.json]
[geokc-mn.org/wp-json/oembed/1.0/embed18a8.json]
[geokc-mn.org/wp-json/oembed/1.0/embed8a07]
[geokc-mn.org/geokc-selfless-services-form/index.html]
[geokc-mn.org/index5355.html]
[geokc-mn.org/index34e6.html]
[geokc-mn.org/geokc-selfless-services-form.html]
[geokc-mn.org/wp-json/wp/v2/pages/306.json]
[geokc-mn.org/wp-json/oembed/1.0/embedad9f.json]
[geokc-mn.org/wp-json/oembed/1.0/embedc1da]
[geokc-mn.org/guest-pictures-videos/index.html]
[geokc-mn.org/wp-json/wp/v2/pages/3244.json]
[geokc-mn.org/wp-json/oembed/1.0/embed8ac7.json]
[geokc-mn.org/wp-json/oembed/1.0/embed0870]
[geokc-mn.org/geokc-guests-registration-form/index.html]
[geokc-mn.org/index8a7d.html]
[geokc-mn.org/index807d.html]
[geokc-mn.org/geokc-guests-registration-form.html]
[geokc-mn.org/geokc-bhawan/index.html]
[geokc-mn.org/wp-json/wp/v2/pages/313.json]
[geokc-mn.org/wp-json/oembed/1.0/embeda7a1.json]
[geokc-mn.org/wp-json/oembed/1.0/embed2f8d]
[geokc-mn.org/geokc-bhawan.html]
[geokc-mn.org/ashram-bhawan/index.html]
[geokc-mn.org/wp-json/wp/v2/pages/286.json]
[geokc-mn.org/sadhana-shivir/index.html]
[geokc-mn.org/wp-json/oembed/1.0/embed1ad6.json]
[geokc-mn.org/wp-json/oembed/1.0/embed9eef]
[geokc-mn.org/ashram-bhawan.html]
[geokc-mn.org/index89a1.html]
[geokc-mn.org/index7a2b.html]
[geokc-mn.org/index74fd.html]
[geokc-mn.org/index5ae3.html]
[geokc-mn.org/donate-mail/index.html]
[geokc-mn.org/wp-json/wp/v2/pages/295.json]
[geokc-mn.org/wp-json/oembed/1.0/embed106e.json]
[geokc-mn.org/wp-json/oembed/1.0/embed44fc]
[geokc-mn.org/storage/2022/10/Website-Mailing-Form.docx]
[geokc-mn.org/donate-mail.html]
[geokc-mn.org/online-donation-form/index.html]
[geokc-mn.org/indexca25.html]
[geokc-mn.org/indexfadc.html]
[geokc-mn.org/core/modules/wp-payment-form/assets/css/payforms-public.css]
[geokc-mn.org/geokc-capital-campaign-donation/index.html]
[geokc-mn.org/indexe513.html]
[geokc-mn.org/index384e.html]
[geokc-mn.org/land-donation.html]
[geokc-mn.org/wp-json/wp/v2/pages/3045.json]
[geokc-mn.org/wp-json/oembed/1.0/embed5b9c.json]
[geokc-mn.org/wp-json/oembed/1.0/embede078]
[geokc-mn.org/capital-campaign-online-donation/index.html]
[geokc-mn.org/index0999.html]
[geokc-mn.org/indexb6fa.html]
[geokc-mn.org/indexaead.html]
[geokc-mn.org/indexc9d9.html]
[geokc-mn.org/index0945.html]
[geokc-mn.org/index3905.html]
[geokc-mn.org/capital-campaign-online-donation.html]
[geokc-mn.org/indexcbb7.html]
[geokc-mn.org/indexe012.html]
[cdn-images.mailchimp.com/embedcode/classic-071822.css]
[geokc-mn.org/index8ee7.html]
[geokc-mn.org/indexefc9.html]
[geokc-mn.org/indexd8f8.html]
[geokc-mn.org/indexbb99.html]
[geokc-mn.org/sunday-afternoon-satsang-activities/index.html]
[geokc-mn.org/indexc351.html]
[geokc-mn.org/index6515.html]
[geokc-mn.org/index4d22.html]
[geokc-mn.org/index6de9.html]
[geokc-mn.org/international-prayer-centers-geokc/index.html]
[geokc-mn.org/index47c4.html]
[geokc-mn.org/index0742.html]
[geokc-mn.org/geokc-architecture-history/index.html]
[geokc-mn.org/index2e31.html]
[geokc-mn.org/index6848.html]
[geokc-mn.org/index193a.html]
[geokc-mn.org/indexa23b.html]
[geokc-mn.org/index4720.html]
[geokc-mn.org/indexe7b0.html]
[geokc-mn.org/scheduled-residence/index.html]
[geokc-mn.org/wp-json/wp/v2/pages/378.json]
[geokc-mn.org/wp-json/oembed/1.0/embed399a.json]
[geokc-mn.org/wp-json/oembed/1.0/embedcf86]
[geokc-mn.org/scheduled-residence.html]
[geokc-mn.org/index501f.html]
[geokc-mn.org/index4b4e.html]
[geokc-mn.org/specific-steps-sadhana/index.html]
[geokc-mn.org/geokc-bhakti-yoga-gurus/index.html]
[geokc-mn.org/index8844.html]
[geokc-mn.org/indexc74a.html]
[geokc-mn.org/wp-json/wp/v2/pages/387.json]
[geokc-mn.org/wp-json/oembed/1.0/embed0e6a.json]
[geokc-mn.org/wp-json/oembed/1.0/embedd298]
[geokc-mn.org/specific-steps-sadhana.html]
[geokc-mn.org/services-padsevana-and-dasya/index.html]
[geokc-mn.org/pujya-guruji/index.html]
[geokc-mn.org/index12d0.html]
[geokc-mn.org/index065f.html]
[geokc-mn.org/selfless-services.html]
[geokc-mn.org/geokc-campaigns-team/index.html]
[geokc-mn.org/indexcb8c.html]
[geokc-mn.org/indexc905.html]
[geokc-mn.org/geokc-yearly-campaign.html]
[geokc-mn.org/storage/2020/11/building-construction.jpg]
[geokc-mn.org/wp-json/wp/v2/pages/291.json]
[geokc-mn.org/wp-json/oembed/1.0/embed95d9.json]
[geokc-mn.org/wp-json/oembed/1.0/embed1f22]
[geokc-mn.org/storage/2020/11/shutterstock_207748048.jpg]
[geokc-mn.org/capital-campaign-planning-sketch/index.html]
[geokc-mn.org/index221f.html]
[geokc-mn.org/index0f02.html]
[geokc-mn.org/indexe399.html]
[geokc-mn.org/index0637.html]
[geokc-mn.org/programs-gurus-positions/index.html]
[geokc-mn.org/index55d4.html]
[geokc-mn.org/indexfe5b.html]
[geokc-mn.org/wp-json/wp/v2/pages/3341.json]
[geokc-mn.org/wp-json/oembed/1.0/embedc567.json]
[geokc-mn.org/wp-json/oembed/1.0/embed417a]
[geokc-mn.org/initiation/index.html]
[geokc-mn.org/ashrams-gurus-positions/index.html]
[geokc-mn.org/index8902.html]
[geokc-mn.org/indexf578.html]
[geokc-mn.org/indexead8.html]
[geokc-mn.org/index2526.html]
[geokc-mn.org/other-gurus-and-staff-positions/index.html]
[geokc-mn.org/index57e7.html]
[geokc-mn.org/indexc68b.html]
[geokc-mn.org/indexfaac.html]
[geokc-mn.org/index4804.html]
[geokc-mn.org/geokc-programs-and-ashrams-gurus-position-forms.html]
[geokc-mn.org/core/modules/wp-payment-form/assets/libs/flatpickr/flatpickr.min.css]
[geokc-mn.org/indexa51c.html]
[geokc-mn.org/index237f.html]
[geokc-mn.org/index0bc5.html]
[geokc-mn.org/index6cdc.html]
[geokc-mn.org/index92b9.html]
[geokc-mn.org/index41d6.html]
[geokc-mn.org/geokc-marketing-news/index.html]
[geokc-mn.org/index1639.html]
[geokc-mn.org/index9370.html]
[geokc-mn.org/donation-center.html]
[geokc-mn.org/index0b70.html]
[geokc-mn.org/meditation-hall/index.html]
[geokc-mn.org/index8fbb.html]
[geokc-mn.org/index941d.html]
[geokc-mn.org/index18d1.html]
[geokc-mn.org/index1981.html]
[geokc-mn.org/index3baa.html]
[geokc-mn.org/index4f03.html]
[geokc-mn.org/index62e5.html]
[geokc-mn.org/geokc-volunteer-application-form.html]
[geokc-mn.org/index941c.html]
[geokc-mn.org/index3d9e.html]
[geokc-mn.org/index6db9.html]
[geokc-mn.org/geokc-board-member-secretary-position-form.html]
[geokc-mn.org/index96b6.html]
[geokc-mn.org/indexa95a.html]
[geokc-mn.org/geokc-board-member-treasurer-position-form.html]
[geokc-mn.org/index8035.html]
[geokc-mn.org/index97c1.html]
[geokc-mn.org/services-yoga-center/index.html]
[geokc-mn.org/index6905.html]
[geokc-mn.org/indexe353.html]
[geokc-mn.org/our-tradition/index.html]
[geokc-mn.org/wp-json/wp/v2/pages/357.json]
[geokc-mn.org/wp-json/oembed/1.0/embed17d7.json]
[geokc-mn.org/wp-json/oembed/1.0/embed7936]
[geokc-mn.org/our-tradition.html]
[geokc-mn.org/practicing-rules-and-methods/index.html]
[geokc-mn.org/wp-json/wp/v2/pages/361.json]
[geokc-mn.org/wp-json/oembed/1.0/embed1a9c.json]
[geokc-mn.org/wp-json/oembed/1.0/embed02b9]
[geokc-mn.org/practicing-rules-and-methods.html]
[geokc-mn.org/spiritual-practices/index.html]
[geokc-mn.org/wp-json/wp/v2/pages/389.json]
[geokc-mn.org/wp-json/oembed/1.0/embed06a1.json]
[geokc-mn.org/wp-json/oembed/1.0/embed509d]
[geokc-mn.org/spiritual-practices.html]
[geokc-mn.org/index3cee.html]
[geokc-mn.org/index8725.html]
[geokc-mn.org/geokc-traditional-bhajans/index.html]
[geokc-mn.org/indexf6a9.html]
[geokc-mn.org/indexe515.html]
[geokc-mn.org/geokc-kirtan-heritage/index.html]
[geokc-mn.org/index834e.html]
[geokc-mn.org/index3a91.html]
[geokc-mn.org/index3f97.html]
[geokc-mn.org/index1acd.html]
[geokc-mn.org/indexcaf0.html]
[geokc-mn.org/index0729.html]
[geokc-mn.org/indexf604.html]
[geokc-mn.org/index06bd.html]
[geokc-mn.org/geokc-shrimad-bhagavad-gita-satsang-group/index.html]
[geokc-mn.org/indexd06c.html]
[geokc-mn.org/index2a8a.html]
[geokc-mn.org/wp-json/wp/v2/pages/358.json]
[geokc-mn.org/wp-json/oembed/1.0/embed3c3a.json]
[geokc-mn.org/wp-json/oembed/1.0/embed6208]
[geokc-mn.org/overview-18-chapters/index.html]
[geokc-mn.org/gita-events-calendar/index.html]
[geokc-mn.org/wp-json/wp/v2/pages/302.json]
[geokc-mn.org/wp-json/oembed/1.0/embedb28d.json]
[geokc-mn.org/wp-json/oembed/1.0/embedb7f9]
[geokc-mn.org/gita-events-calendar.html]
[geokc-mn.org/gita-media-gallery/index.html]
[geokc-mn.org/wp-json/wp/v2/pages/303.json]
[geokc-mn.org/wp-json/oembed/1.0/embeda1b3.json]
[geokc-mn.org/wp-json/oembed/1.0/embed1b07]
[geokc-mn.org/gita-media-gallery.html]
[geokc-mn.org/indexbf03.html]
[geokc-mn.org/radha-krishna-raas-lila-temple/index.html]
[geokc-mn.org/index9f0a.html]
[geokc-mn.org/indexade7.html]
[geokc-mn.org/ashram-events/index.html]
[geokc-mn.org/index486a.html]
[geokc-mn.org/index876d.html]
[geokc-mn.org/retreat-events/index.html]
[geokc-mn.org/wp-json/wp/v2/pages/373.json]
[geokc-mn.org/wp-json/oembed/1.0/embedc109.json]
[geokc-mn.org/wp-json/oembed/1.0/embed1978]
[geokc-mn.org/retreat-events.html]
[geokc-mn.org/wp-json/wp/v2/pages/348.json]
[geokc-mn.org/wp-json/oembed/1.0/embed2750.json]
[geokc-mn.org/wp-json/oembed/1.0/embedc0d2]
[geokc-mn.org/mantra-japa-meditation/index.html]
[geokc-mn.org/geokc-vaishnava-events/index.html]
[geokc-mn.org/indexbcd6.html]
[geokc-mn.org/indexd4b4.html]
[geokc-mn.org/wp-json/wp/v2/pages/346.json]
[geokc-mn.org/wp-json/oembed/1.0/embedf4ab.json]
[geokc-mn.org/wp-json/oembed/1.0/embed068c]
[geokc-mn.org/list-festivals-ceremonies-and-fairs/index.html]
[geokc-mn.org/index30e3.html]
[geokc-mn.org/indexf7ce.html]
[geokc-mn.org/seekers-spiritual-programs/index.html]
[geokc-mn.org/index0dc6.html]
[geokc-mn.org/indexbed3.html]
[geokc-mn.org/retreats/index.html]
[geokc-mn.org/wp-json/wp/v2/pages/374.json]
[geokc-mn.org/wp-json/oembed/1.0/embedfffe.json]
[geokc-mn.org/wp-json/oembed/1.0/embed4423]
[geokc-mn.org/retreats.html]
[geokc-mn.org/geokc-community-and-culture.html]
[geokc-mn.org/seekers-sacred-time/index.html]
[geokc-mn.org/index60bd.html]
[geokc-mn.org/index4e4b.html]
[geokc-mn.org/index1f38.html]
[geokc-mn.org/index618d.html]
[geokc-mn.org/temporary-residential-facilities/index.html]
[geokc-mn.org/index51fe.html]
[geokc-mn.org/index4d68.html]
[geokc-mn.org/permanent-residential-facilities/index.html]
[geokc-mn.org/index4c85.html]
[geokc-mn.org/index3519.html]
[geokc-mn.org/index99e3.html]
[geokc-mn.org/indexd89a.html]
[geokc-mn.org/index1b0c.html]
[geokc-mn.org/indexc46c.html]
[geokc-mn.org/geokc-spiritual-discourses-form.html]
[geokc-mn.org/index9646.html]
[geokc-mn.org/indexb13c.html]
[geokc-mn.org/index683d.html]
[geokc-mn.org/indexb743.html]
[geokc-mn.org/indexde2e.html]
[geokc-mn.org/indexcfb5.html]
[geokc-mn.org/geokc-preeti-bhoj-sponsorship-form.html]
[geokc-mn.org/saturday-afternoon-satsang-activities/index.html]
[geokc-mn.org/indexa7ab.html]
[geokc-mn.org/indexdf67.html]
[geokc-mn.org/occasions-followed-satsang/index.html]
[geokc-mn.org/indexbc6e.html]
[geokc-mn.org/index1fd3.html]
[geokc-mn.org/index07ba.html]
[geokc-mn.org/index3d09.html]
[geokc-mn.org/index68c5.html]
[geokc-mn.org/indexc007.html]
[geokc-mn.org/index481e.html]
[geokc-mn.org/index978a.html]
[geokc-mn.org/wp-json/wp/v2/pages/364.json]
[geokc-mn.org/wp-json/oembed/1.0/embed46f1.json]
[geokc-mn.org/wp-json/oembed/1.0/embedd4da]
[geokc-mn.org/preeti-bhoj-sponsorship-open-dates.html]
[geokc-mn.org/index8e03.html]
[geokc-mn.org/index0991.html]
[geokc-mn.org/tulsi-flower-sponsorship-form-contact-information-form.html]
[geokc-mn.org/index8c76.html]
[geokc-mn.org/indexfb91.html]
[geokc-mn.org/index7ea1.html]
[geokc-mn.org/services-of-yoga-center-form.html]
[geokc-mn.org/indexd22f.html]
[geokc-mn.org/index048a.html]
[geokc-mn.org/index7cb0.html]
[geokc-mn.org/index2f09.html]
[geokc-mn.org/index2f0e.html]
[geokc-mn.org/index9669.html]
[geokc-mn.org/index3a94.html]
[geokc-mn.org/indexc4af.html]
[geokc-mn.org/geokc-annual-fund/index.html]
[geokc-mn.org/index90b2.html]
[geokc-mn.org/index6dcb.html]
[geokc-mn.org/wp-json/wp/v2/pages/331.json]
[geokc-mn.org/wp-json/oembed/1.0/embedfcae.json]
[geokc-mn.org/wp-json/oembed/1.0/embed0276]
[geokc-mn.org/geokc-online-recognition/index.html]
[geokc-mn.org/wp-json/wp/v2/pages/3238.json]
[geokc-mn.org/wp-json/oembed/1.0/embedf7a4.json]
[geokc-mn.org/wp-json/oembed/1.0/embed13e7]
[geokc-mn.org/geokc-annual-dinner-registration-form/index.html]
[geokc-mn.org/index50ca.html]
[geokc-mn.org/index7418.html]
[geokc-mn.org/indexf47a.html]
[geokc-mn.org/index7bfd.html]
[geokc-mn.org/major-gifts-and-planned-giving/index.html]
[geokc-mn.org/index0974.html]
[geokc-mn.org/index9531.html]
[geokc-mn.org/geokc-annual-dinner-registration-form.html]
[geokc-mn.org/indexbc9e.html]
[geokc-mn.org/indexc0e0.html]
[geokc-mn.org/donor-recognition-programs/index.html]
[geokc-mn.org/indexba86.html]
[geokc-mn.org/index61a4.html]
[geokc-mn.org/geokc-capital-campaign/index.html]
[geokc-mn.org/index63fb.html]
[geokc-mn.org/index6057.html]
[geokc-mn.org/wp-json/wp/v2/pages/315.json]
[geokc-mn.org/wp-json/oembed/1.0/embed5515.json]
[geokc-mn.org/wp-json/oembed/1.0/embed436f]
[geokc-mn.org/geokc-building-projects/index.html]
[geokc-mn.org/index4105.html]
[geokc-mn.org/index3535.html]
[geokc-mn.org/index93c1.html]
[geokc-mn.org/indexa989.html]
[geokc-mn.org/index4e72.html]
[geokc-mn.org/index1a1e.html]
[geokc-mn.org/geokc-special-event-registration-form.html]
[geokc-mn.org/index16eb.html]
[geokc-mn.org/index91a1.html]
[geokc-mn.org/index70c9.html]
[geokc-mn.org/geokc-annual-membership-dinner-registration-form.html]
[geokc-mn.org/indexf6a5.html]
[geokc-mn.org/indexee8d.html]
[geokc-mn.org/geokc-calendars/index.html]
[geokc-mn.org/index258b.html]
[geokc-mn.org/indexda6d.html]
[geokc-mn.org/index65a9.html]
[geokc-mn.org/index5f68.html]
[geokc-mn.org/multi-purposes-events/index.html]
[geokc-mn.org/index8fec.html]
[geokc-mn.org/indexe311.html]
[geokc-mn.org/wp-json/wp/v2/pages/294.json]
[geokc-mn.org/wp-json/oembed/1.0/embed8d02.json]
[geokc-mn.org/wp-json/oembed/1.0/embeded57]
[geokc-mn.org/cultural-events.html]
[geokc-mn.org/geokc-event-registration-form/index.html]
[geokc-mn.org/indexf175.html]
[geokc-mn.org/indexa829.html]
[geokc-mn.org/index50aa.html]
[geokc-mn.org/indexf474.html]
[geokc-mn.org/index3588.html]
[geokc-mn.org/indexc5b7.html]
[geokc-mn.org/indexe0e2.html]
[geokc-mn.org/index0ac0.html]
[geokc-mn.org/indexac25.html]
[geokc-mn.org/indexf1ac.html]
[geokc-mn.org/index47ad.html]
[geokc-mn.org/indexb69a.html]
[geokc-mn.org/indexe80e.html]
[geokc-mn.org/geokc-selfless-services-form.html]
[geokc-mn.org/indexf936.html]
[geokc-mn.org/indexf167.html]
[geokc-mn.org/indexc20e.html]
[geokc-mn.org/indexb0ef.html]
[geokc-mn.org/index6f9d.html]
[geokc-mn.org/geokc-guests-registration-form.html]
[geokc-mn.org/index5057.html]
[geokc-mn.org/geokc-bhawan/index.html]
[geokc-mn.org/index8c55.html]
[geokc-mn.org/index76c0.html]
[geokc-mn.org/wp-json/wp/v2/pages/375.json]
[geokc-mn.org/wp-json/oembed/1.0/embed48d1.json]
[geokc-mn.org/wp-json/oembed/1.0/embed82e4]
[geokc-mn.org/sadhana-shivir/index.html]
[geokc-mn.org/ashram-bhawan/index.html]
[geokc-mn.org/index5c97.html]
[geokc-mn.org/index3ccd.html]
[geokc-mn.org/index083a.html]
[geokc-mn.org/index489f.html]
[geokc-mn.org/donate-mail/index.html]
[geokc-mn.org/index1422.html]
[geokc-mn.org/index1339.html]
[geokc-mn.org/indexcfcf.html]
[geokc-mn.org/indexc8f2.html]
[geokc-mn.org/indexeddb.html]
[geokc-mn.org/index290c.html]
[geokc-mn.org/index967e.html]
[geokc-mn.org/capital-campaign-online-donation.html]
[geokc-mn.org/index0286.html]
[geokc-mn.org/index4493.html]
[geokc-mn.org/indexa0fe.html]
[geokc-mn.org/index9f72.html]
[geokc-mn.org/indexa9ad.html]
[geokc-mn.org/indexda14.html]
[geokc-mn.org/index3fb7.html]
[geokc-mn.org/indexf112.html]
[geokc-mn.org/indexb791.html]
[geokc-mn.org/index4d77.html]
[geokc-mn.org/indexfc98.html]
[geokc-mn.org/index0ba6.html]
[geokc-mn.org/index6705.html]
[geokc-mn.org/index7b4c.html]
[geokc-mn.org/scheduled-residence/index.html]
[geokc-mn.org/indexe8d3.html]
[geokc-mn.org/index41e4.html]
[geokc-mn.org/index51ab.html]
[geokc-mn.org/index9e04.html]
[geokc-mn.org/specific-steps-sadhana/index.html]
[geokc-mn.org/indexc139.html]
[geokc-mn.org/index1caa.html]
[geokc-mn.org/index2918.html]
[geokc-mn.org/selfless-services.html]
[geokc-mn.org/indexb64f.html]
[geokc-mn.org/index4072.html]
[geokc-mn.org/index2ee4.html]
[geokc-mn.org/index820e.html]
[geokc-mn.org/indexdb77.html]
[geokc-mn.org/indexb421.html]
[geokc-mn.org/indexaee8.html]
[geokc-mn.org/index5fad.html]
[geokc-mn.org/indexb4cb.html]
[geokc-mn.org/index054d.html]
[geokc-mn.org/index3e84.html]
[geokc-mn.org/index8ad4.html]
[geokc-mn.org/index6d18.html]
[geokc-mn.org/indexb893.html]
[geokc-mn.org/indexc680.html]
[geokc-mn.org/index4b16.html]
[geokc-mn.org/index7229.html]
[geokc-mn.org/index9665.html]
[geokc-mn.org/index1218.html]
[geokc-mn.org/index6b56.html]
[geokc-mn.org/indexbd96.html]
[geokc-mn.org/index41c0.html]
[geokc-mn.org/indexf9f9.html]
[geokc-mn.org/indexb8af.html]
[geokc-mn.org/index8a97.html]
[geokc-mn.org/index70d4.html]
[geokc-mn.org/index64ce.html]
[geokc-mn.org/index2d94.html]
[geokc-mn.org/indexcfe5.html]
[geokc-mn.org/index2536.html]
[geokc-mn.org/index636d.html]
[geokc-mn.org/index14e0.html]
[geokc-mn.org/index75f3.html]
[geokc-mn.org/indexb5d8.html]
[geokc-mn.org/indexec66.html]
[geokc-mn.org/index5694.html]
[geokc-mn.org/index1a12.html]
[geokc-mn.org/indexc2f3.html]
[geokc-mn.org/our-tradition/index.html]
[geokc-mn.org/indexec1b.html]
[geokc-mn.org/index3025.html]
[geokc-mn.org/practicing-rules-and-methods/index.html]
[geokc-mn.org/index76f0.html]
[geokc-mn.org/index7e82.html]
[geokc-mn.org/spiritual-practices/index.html]
[geokc-mn.org/index2325.html]
[geokc-mn.org/index04a7.html]
[geokc-mn.org/indexd313.html]
[geokc-mn.org/index5694-2.html]
[geokc-mn.org/index552c.html]
[geokc-mn.org/indexefed.html]
[geokc-mn.org/index8f0c.html]
[geokc-mn.org/index2202.html]
[geokc-mn.org/index1ee8.html]
[geokc-mn.org/indexf5a4.html]
[geokc-mn.org/index2597.html]
[geokc-mn.org/gita-events-calendar/index.html]
[geokc-mn.org/index52e8.html]
[geokc-mn.org/index346d.html]
[geokc-mn.org/gita-media-gallery/index.html]
[geokc-mn.org/indexa853.html]
[geokc-mn.org/index3005.html]
[geokc-mn.org/index659d.html]
[geokc-mn.org/indexa1e8.html]
[geokc-mn.org/index4f2e.html]
[geokc-mn.org/retreat-events/index.html]
[geokc-mn.org/index7080.html]
[geokc-mn.org/index173a.html]
[geokc-mn.org/index2206.html]
[geokc-mn.org/index088d.html]
[geokc-mn.org/index24dd.html]
[geokc-mn.org/index17f1.html]
[geokc-mn.org/index4016.html]
[geokc-mn.org/index65ef.html]
[geokc-mn.org/index0e6f.html]
[geokc-mn.org/retreats/index.html]
[geokc-mn.org/index9222.html]
[geokc-mn.org/index7a4b.html]
[geokc-mn.org/indexd126.html]
[geokc-mn.org/index5d37.html]
[geokc-mn.org/indexedba.html]
[geokc-mn.org/index9c53.html]
[geokc-mn.org/index38a5.html]
[geokc-mn.org/indexd41f.html]
[geokc-mn.org/index9a57.html]
[geokc-mn.org/index5a88.html]
[geokc-mn.org/index2603.html]
[geokc-mn.org/indexb70c.html]
[geokc-mn.org/indexd306.html]
[geokc-mn.org/index2427.html]
[geokc-mn.org/index26ff.html]
[geokc-mn.org/index594e.html]
[geokc-mn.org/indexa459.html]
[geokc-mn.org/index8259.html]
[geokc-mn.org/index9dc2.html]
[geokc-mn.org/indexfbcf.html]
[geokc-mn.org/index1d01.html]
[geokc-mn.org/index7b59.html]
[geokc-mn.org/indexc126.html]
[geokc-mn.org/index48a6.html]
[geokc-mn.org/index0364.html]
[geokc-mn.org/index2d12.html]
[geokc-mn.org/index9d8f.html]
[geokc-mn.org/indexb7c0.html]
[geokc-mn.org/indexdbc6.html]
[geokc-mn.org/index2ed2.html]
[geokc-mn.org/indexa1b0.html]
[geokc-mn.org/indexddb9.html]
[geokc-mn.org/index4205.html]
[geokc-mn.org/index8a4d.html]
[geokc-mn.org/index08d3.html]
[geokc-mn.org/indexf4c5.html]
[geokc-mn.org/index2094.html]
[geokc-mn.org/index53fe.html]
[geokc-mn.org/index89b2.html]
[geokc-mn.org/indexf3c4.html]
[geokc-mn.org/index371d.html]
[geokc-mn.org/indexc33b.html]
[geokc-mn.org/index7f2f.html]
[geokc-mn.org/index7774.html]
[geokc-mn.org/geokc-annual-dinner-registration-form.html]
[geokc-mn.org/indexa373.html]
[geokc-mn.org/index6560.html]
[geokc-mn.org/index0a17.html]
[geokc-mn.org/index411c.html]
[geokc-mn.org/index93de.html]
[geokc-mn.org/indexb3b8.html]
[geokc-mn.org/index7d3e.html]
[geokc-mn.org/index3af2.html]
[geokc-mn.org/index2dae.html]
[geokc-mn.org/index47ea.html]
[geokc-mn.org/index8c6e.html]
[geokc-mn.org/index223b.html]
[geokc-mn.org/index411a.html]
[geokc-mn.org/index9af4.html]
[geokc-mn.org/indexb6b2.html]
[geokc-mn.org/indexa85e.html]
[geokc-mn.org/indexd1d5.html]
[geokc-mn.org/indexab2d.html]
[geokc-mn.org/index27fe.html]
[geokc-mn.org/indexe949.html]
[geokc-mn.org/index4888.html]
[geokc-mn.org/index9e85.html]
[geokc-mn.org/indexe2aa.html]
[geokc-mn.org/indexd628.html]
[geokc-mn.org/indexfcb0.html]
[geokc-mn.org/indexb24d.html]
[geokc-mn.org/indexae36.html]
[geokc-mn.org/indexaea3.html]
[geokc-mn.org/index9c0a.html]
[geokc-mn.org/index3c11.html]
[geokc-mn.org/index47a5.html]
[geokc-mn.org/indexdb03.html]
[geokc-mn.org/indexba1c.html]
[geokc-mn.org/index3bcd.html]
[geokc-mn.org/indexe477.html]
[geokc-mn.org/index7597.html]
[geokc-mn.org/index9ba7.html]
[geokc-mn.org/index88fb.html]
[geokc-mn.org/index72ec.html]
[geokc-mn.org/index84c1.html]
[geokc-mn.org/index61f6.html]
[geokc-mn.org/index3922.html]
[geokc-mn.org/indexd839.html]
[geokc-mn.org/index8909.html]
[geokc-mn.org/index09b2.html]
[geokc-mn.org/index479f.html]
[geokc-mn.org/indexf765.html]
[geokc-mn.org/indexcc72.html]
[geokc-mn.org/index36c9.html]
[geokc-mn.org/index3d41.html]
[geokc-mn.org/index7f5d.html]
[geokc-mn.org/index74f4.html]
[geokc-mn.org/index661d.html]
[geokc-mn.org/indexefed-2.html]
[geokc-mn.org/index5f19.html]
[geokc-mn.org/index2ed2-2.html]
[geokc-mn.org/index45c5.html]
[geokc-mn.org/index4aa2.html]
[geokc-mn.org/indexde40.html]
[geokc-mn.org/index6e05.html]
[geokc-mn.org/indexf243.html]
[geokc-mn.org/index9e7b.html]
[geokc-mn.org/index6a20.html]
[geokc-mn.org/indexb92a.html]
[geokc-mn.org/indexf53c.html]
[geokc-mn.org/index5aaf.html]
[geokc-mn.org/index9e3a.html]
[geokc-mn.org/index46c8.html]
[geokc-mn.org/indexb8bc.html]
[geokc-mn.org/indexcef5.html]
[geokc-mn.org/indexc90c.html]
[geokc-mn.org/index70ed.html]
[geokc-mn.org/index50bc.html]
[geokc-mn.org/index59fd.html]
[geokc-mn.org/index416d.html]
[geokc-mn.org/index7bcd.html]
[geokc-mn.org/index4393.html]
[geokc-mn.org/index7d5a.html]
[geokc-mn.org/indexb962.html]
[geokc-mn.org/indexef5e.html]
[geokc-mn.org/indexfe25.html]
[geokc-mn.org/indexc72f.html]
[geokc-mn.org/index648e.html]
[geokc-mn.org/indexb754.html]
[geokc-mn.org/index20b9.html]
[geokc-mn.org/indexc5f5.html]
[geokc-mn.org/indexb036.html]
[geokc-mn.org/indexdf2c.html]
[geokc-mn.org/index9625.html]
[geokc-mn.org/indexf0f0.html]
[geokc-mn.org/index38c9.html]
[geokc-mn.org/index3f4e.html]
[geokc-mn.org/index6789.html]
[geokc-mn.org/indexf388.html]
[geokc-mn.org/indexb414.html]
[geokc-mn.org/indexccf1.html]
[geokc-mn.org/index85db.html]
[geokc-mn.org/indexb65a.html]
[geokc-mn.org/index5b72.html]
[geokc-mn.org/index7efc.html]
[geokc-mn.org/index5eda.html]
[geokc-mn.org/indexf369.html]
[geokc-mn.org/index53ee.html]
[geokc-mn.org/indexcba5.html]
[geokc-mn.org/index9446.html]
[geokc-mn.org/index4e8f.html]
[geokc-mn.org/index7ce0.html]
[geokc-mn.org/index6d89.html]
[geokc-mn.org/indexd454.html]
[geokc-mn.org/indexcb0e.html]
[geokc-mn.org/index7f08.html]
[geokc-mn.org/index36af.html]
[geokc-mn.org/index597f.html]
[geokc-mn.org/index4701.html]
[geokc-mn.org/index80f4.html]
[geokc-mn.org/index6279.html]
[geokc-mn.org/index5569.html]
[geokc-mn.org/index2826.html]
[geokc-mn.org/indexddab.html]
[geokc-mn.org/indexefec.html]
[geokc-mn.org/index39d3.html]
[geokc-mn.org/index6aca.html]
[geokc-mn.org/indexa608.html]
[geokc-mn.org/indexc613.html]
[geokc-mn.org/index0422.html]
[geokc-mn.org/indexf2c3.html]
[geokc-mn.org/index03a8.html]
[geokc-mn.org/indexa12c.html]
[geokc-mn.org/index23fd.html]
[geokc-mn.org/indexbe32.html]
[geokc-mn.org/index23d0.html]
[geokc-mn.org/indexa045.html]
[geokc-mn.org/indexcf56.html]
[geokc-mn.org/index76e2.html]
[geokc-mn.org/indexb27e.html]
[geokc-mn.org/index7848.html]
[geokc-mn.org/indexd195.html]
[geokc-mn.org/indexf472.html]
[geokc-mn.org/indexef76.html]
[geokc-mn.org/indexe7b9.html]
[geokc-mn.org/indexb5a9.html]
[geokc-mn.org/index7186.html]
[geokc-mn.org/indexb6f8.html]
[geokc-mn.org/index35a9.html]
[geokc-mn.org/index7f9a.html]
[geokc-mn.org/index86eb.html]
[geokc-mn.org/index547c.html]
[geokc-mn.org/index5d7d.html]
[geokc-mn.org/indexedcc.html]
[geokc-mn.org/indexf988.html]
[geokc-mn.org/index7af7.html]
[geokc-mn.org/index1c11.html]
[geokc-mn.org/indexa76c.html]
[geokc-mn.org/index5b62.html]
[geokc-mn.org/index31b0.html]
[geokc-mn.org/index1180.html]
[geokc-mn.org/index8aab.html]
[geokc-mn.org/indexa718.html]
[geokc-mn.org/indexdc81.html]
[geokc-mn.org/indexa583.html]
[geokc-mn.org/index43b9.html]
[geokc-mn.org/index1f1d.html]
[geokc-mn.org/index9746.html]
[geokc-mn.org/index64c7.html]
[geokc-mn.org/indexe57a.html]
[geokc-mn.org/index05cf.html]
[geokc-mn.org/indexd4ef.html]
[geokc-mn.org/index2fc9.html]
[geokc-mn.org/index8ede.html]
[geokc-mn.org/indexc2a4.html]
[geokc-mn.org/indexa2ba.html]
[geokc-mn.org/indexb3b8-2.html]
[geokc-mn.org/indexdab9.html]
[geokc-mn.org/index0f9b.html]
[geokc-mn.org/indexafe0.html]
[geokc-mn.org/indexd6ca.html]
[geokc-mn.org/index4d51.html]
[geokc-mn.org/index0a36.html]
[geokc-mn.org/indexe89d.html]
[geokc-mn.org/index93a1.html]
[geokc-mn.org/indexb9af.html]
[geokc-mn.org/index3061.html]
[geokc-mn.org/indexbd1d.html]
[geokc-mn.org/index24d1.html]
[geokc-mn.org/index9f4a.html]
[geokc-mn.org/index2062.html]
[geokc-mn.org/index386f.html]
[geokc-mn.org/index81e7.html]
[geokc-mn.org/index82e8.html]
[geokc-mn.org/index13eb.html]
[geokc-mn.org/index5dca.html]
[geokc-mn.org/indexdf0f.html]
[geokc-mn.org/index10fb.html]
[geokc-mn.org/index88ce.html]
[geokc-mn.org/indexbe5d.html]
[geokc-mn.org/index2899.html]
[geokc-mn.org/index74fb.html]
[geokc-mn.org/index981e.html]
[geokc-mn.org/index78b7.html]
[geokc-mn.org/indexf091.html]
[geokc-mn.org/indexaf81.html]
[geokc-mn.org/index96dc.html]
[geokc-mn.org/index9a5d.html]
[geokc-mn.org/indexa28f.html]
[geokc-mn.org/index72a4.html]
[geokc-mn.org/index24c4.html]
[geokc-mn.org/indexb2bc.html]
[geokc-mn.org/indexfb6d.html]
[geokc-mn.org/index1d73.html]
[geokc-mn.org/index5dc0.html]
[geokc-mn.org/index6756.html]
[geokc-mn.org/index8f6b.html]
[geokc-mn.org/index9109.html]
[geokc-mn.org/indexea24.html]
[geokc-mn.org/index4a7b.html]
[geokc-mn.org/indexa7f0.html]
[geokc-mn.org/index24f1.html]
[geokc-mn.org/index46a6.html]
[geokc-mn.org/index4769.html]
[geokc-mn.org/index320d.html]
[geokc-mn.org/indexff87.html]
